2026-08-19 08:04:39.703: [INFO] CurrentProfilePath: C:\Users\Vipul Choudhary\Desktop\Myversion\.metadata\.plugins\org.eclipse.swt\EBWebView\Default
2026-08-19 08:04:39.703: [INFO] Profiles total count: 1
2026-08-19 08:04:39.703: [INFO] Profile: name=Profile 1 path=C:\Users\Vipul Choudhary\Desktop\Myversion\.metadata\.plugins\org.eclipse.swt\EBWebView\Default lastActive=null
2026-08-19 08:04:39.703: [INFO] LastUsedProfileDir: C:\Users\Vipul Choudhary\Desktop\Myversion\.metadata\.plugins\org.eclipse.swt\EBWebView\Default
2026-08-19 08:04:39.703: [INFO] OnDoneLoading sync enabled: 0
2026-08-19 08:04:39.703: [INFO] BookmarkModelLoaded, ids_reassigned: 0
2026-08-19 08:04:39.703: [INFO] BookmarksLoadDropped droppedNodes=0
2026-08-19 08:04:39.703: [INFO] BookmarksSnapshot Startup total=0 bar=0 other=0 mobile=0 showBar=0 showBarNTP=1
2026-08-19 08:04:39.997: [INFO] BookmarksSnapshot Shutdown total=0 bar=0 other=0 mobile=0 showBar=0 showBarNTP=1
2026-08-19 08:04:41.766: [INFO] CurrentProfilePath: C:\Users\Vipul Choudhary\Desktop\Myversion\.metadata\.plugins\org.eclipse.swt\EBWebView\Default
2026-08-19 08:04:41.766: [INFO] Profiles total count: 1
2026-08-19 08:04:41.766: [INFO] Profile: name=Profile 1 path=C:\Users\Vipul Choudhary\Desktop\Myversion\.metadata\.plugins\org.eclipse.swt\EBWebView\Default lastActive=null
2026-08-19 08:04:41.766: [INFO] LastUsedProfileDir: C:\Users\Vipul Choudhary\Desktop\Myversion\.metadata\.plugins\org.eclipse.swt\EBWebView\Default
2026-08-19 08:04:41.766: [INFO] OnDoneLoading sync enabled: 0
2026-08-19 08:04:41.766: [INFO] BookmarkModelLoaded, ids_reassigned: 0
2026-08-19 08:04:41.766: [INFO] BookmarksLoadDropped droppedNodes=0
2026-08-19 08:04:41.766: [INFO] BookmarksSnapshot Startup total=0 bar=0 other=0 mobile=0 showBar=0 showBarNTP=1
2026-08-19 08:04:41.901: [INFO] BookmarksSnapshot Shutdown total=0 bar=0 other=0 mobile=0 showBar=0 showBarNTP=1
2026-08-19 08:05:03.965: [INFO] CurrentProfilePath: C:\Users\Vipul Choudhary\Desktop\Myversion\.metadata\.plugins\org.eclipse.swt\EBWebView\Default
2026-08-19 08:05:03.965: [INFO] Profiles total count: 1
2026-08-19 08:05:03.965: [INFO] Profile: name=Profile 1 path=C:\Users\Vipul Choudhary\Desktop\Myversion\.metadata\.plugins\org.eclipse.swt\EBWebView\Default lastActive=null
2026-08-19 08:05:03.965: [INFO] LastUsedProfileDir: C:\Users\Vipul Choudhary\Desktop\Myversion\.metadata\.plugins\org.eclipse.swt\EBWebView\Default
2026-08-19 08:05:03.965: [INFO] OnDoneLoading sync enabled: 0
2026-08-19 08:05:03.965: [INFO] BookmarkModelLoaded, ids_reassigned: 0
2026-08-19 08:05:03.965: [INFO] BookmarksLoadDropped droppedNodes=0
2026-08-19 08:05:03.965: [INFO] BookmarksSnapshot Startup total=0 bar=0 other=0 mobile=0 showBar=0 showBarNTP=1
2026-08-19 08:05:08.089: [INFO] BookmarksSnapshot Shutdown total=0 bar=0 other=0 mobile=0 showBar=0 showBarNTP=1
2026-08-19 08:29:08.985: [INFO] CurrentProfilePath: C:\Users\Vipul Choudhary\Desktop\Myversion\.metadata\.plugins\org.eclipse.swt\EBWebView\Default
2026-08-19 08:29:08.985: [INFO] Profiles total count: 1
2026-08-19 08:29:08.985: [INFO] Profile: name=Profile 1 path=C:\Users\Vipul Choudhary\Desktop\Myversion\.metadata\.plugins\org.eclipse.swt\EBWebView\Default lastActive=null
2026-08-19 08:29:08.985: [INFO] LastUsedProfileDir: C:\Users\Vipul Choudhary\Desktop\Myversion\.metadata\.plugins\org.eclipse.swt\EBWebView\Default
2026-08-19 08:29:08.985: [INFO] OnDoneLoading sync enabled: 0
2026-08-19 08:29:08.985: [INFO] BookmarkModelLoaded, ids_reassigned: 0
2026-08-19 08:29:08.985: [INFO] BookmarksLoadDropped droppedNodes=0
2026-08-19 08:29:08.985: [INFO] BookmarksSnapshot Startup total=0 bar=0 other=0 mobile=0 showBar=0 showBarNTP=1
2026-08-19 08:29:49.852: [INFO] BookmarksSnapshot Shutdown total=0 bar=0 other=0 mobile=0 showBar=0 showBarNTP=1
2026-08-19 08:34:13.681: [INFO] CurrentProfilePath: C:\Users\Vipul Choudhary\Desktop\Myversion\.metadata\.plugins\org.eclipse.swt\EBWebView\Default
2026-08-19 08:34:13.681: [INFO] Profiles total count: 1
2026-08-19 08:34:13.681: [INFO] Profile: name=Profile 1 path=C:\Users\Vipul Choudhary\Desktop\Myversion\.metadata\.plugins\org.eclipse.swt\EBWebView\Default lastActive=null
2026-08-19 08:34:13.681: [INFO] LastUsedProfileDir: C:\Users\Vipul Choudhary\Desktop\Myversion\.metadata\.plugins\org.eclipse.swt\EBWebView\Default
2026-08-19 08:34:13.681: [INFO] OnDoneLoading sync enabled: 0
2026-08-19 08:34:13.681: [INFO] BookmarkModelLoaded, ids_reassigned: 0
2026-08-19 08:34:13.681: [INFO] BookmarksLoadDropped droppedNodes=0
2026-08-19 08:34:13.681: [INFO] BookmarksSnapshot Startup total=0 bar=0 other=0 mobile=0 showBar=0 showBarNTP=1
2026-08-19 08:46:04.651: [INFO] BookmarksSnapshot Shutdown total=0 bar=0 other=0 mobile=0 showBar=0 showBarNTP=1
2026-08-19 17:33:56.540: [INFO] CurrentProfilePath: C:\Users\vipul\OneDrive\Desktop\ofssbankproj\ofss-bank-project\.metadata\.plugins\org.eclipse.swt\EBWebView\Default
2026-08-19 17:33:56.540: [INFO] Profiles total count: 1
2026-08-19 17:33:56.540: [INFO] Profile: name=Profile 1 path=C:\Users\vipul\OneDrive\Desktop\ofssbankproj\ofss-bank-project\.metadata\.plugins\org.eclipse.swt\EBWebView\Default lastActive=null
2026-08-19 17:33:56.540: [INFO] LastUsedProfileDir: C:\Users\vipul\OneDrive\Desktop\ofssbankproj\ofss-bank-project\.metadata\.plugins\org.eclipse.swt\EBWebView\Default
2026-08-19 17:33:56.540: [INFO] OnDoneLoading sync enabled: 0
2026-08-19 17:33:56.540: [INFO] BookmarkModelLoaded, ids_reassigned: 0
2026-08-19 17:33:56.540: [INFO] BookmarksLoadDropped droppedNodes=0
2026-08-19 17:33:56.540: [INFO] BookmarksSnapshot Startup total=0 bar=0 other=0 mobile=0 showBar=0 showBarNTP=1
2026-08-19 17:34:05.794: [INFO] BookmarksSnapshot Shutdown total=0 bar=0 other=0 mobile=0 showBar=0 showBarNTP=1
